// Jest Snapshot v1, https://goo.gl/fbAQLP

exports[`matches snapshot 1`] = `
<DocumentFragment>
  <div
    class="sc-bdfBwQ gCaEYZ"
  >
    <div
      class="sc-gsTCUz kdtjXZ"
    />
  </div>
</DocumentFragment>
`;
