// Jest Snapshot v1, https://goo.gl/fbAQLP

exports[`matches snapshot 1`] = `
<DocumentFragment>
  <div
    class="sc-dlfnbm TzpTa"
  >
    <div>
      <p
        class="sc-bdfBwQ dHtfKI"
      />
      <p
        class="sc-gsTCUz fEJTeQ"
      >
        days
      </p>
    </div>
    <div>
      <p
        class="sc-bdfBwQ dHtfKI"
      />
      <p
        class="sc-gsTCUz fEJTeQ"
      >
        hours
      </p>
    </div>
    <div>
      <p
        class="sc-bdfBwQ dHtfKI"
      />
      <p
        class="sc-gsTCUz fEJTeQ"
      >
        minutes
      </p>
    </div>
    <div>
      <p
        class="sc-bdfBwQ dHtfKI"
      />
      <p
        class="sc-gsTCUz fEJTeQ"
      >
        seconds
      </p>
    </div>
  </div>
  <p>
    Reward-Drop ETA date: Sun, 28 Mar 2021 21:47:06 GMT
  </p>
</DocumentFragment>
`;
