// Jest Snapshot v1, https://goo.gl/fbAQLP

exports[`matches snapshot 1`] = `
<DocumentFragment>
  <div
    class="sc-fubCfw leTxSl"
  >
    <div
      class="sc-gKsewC kVDhJL"
    >
      <div
        class="sc-iBPRYJ fzqKQz"
      />
    </div>
  </div>
</DocumentFragment>
`;
